// Jest Snapshot v1, https://goo.gl/fbAQLP

exports[`Cell It renders using renderer and is compared to snaphot 1`] = `
<article
  className="game-cell"
  onClick={[Function]}
>
  <span>
    2
  </span>
</article>
`;
