// Jest Snapshot v1, https://goo.gl/fbAQLP

exports[`HelloWorld It renders using renderer and is compared to snaphot 1`] = `
<section
  className="game-field"
  style={
    Object {
      "width": 60,
    }
  }
>
  <article
    className="game-cell"
    onClick={[Function]}
  >
    <span>
      1
    </span>
  </article>
  <article
    className="game-cell"
    onClick={[Function]}
  >
    <span>
      2
    </span>
  </article>
  <article
    className="game-cell"
    onClick={[Function]}
  >
    <span>
      3
    </span>
  </article>
</section>
`;
